// Jest Snapshot v1, https://goo.gl/fbAQLP

exports[`useError submit, render 1`] = `
Array [
  <span
    role="error"
  >
    Field is required
  </span>,
  <span
    role="error"
  >
    Field is required
  </span>,
]
`;
