// Jest Snapshot v1, https://goo.gl/fbAQLP

exports[`FormLevelValidation onFocus, onBlur 1`] = `
Array [
  <div
    class="input-wrap"
    role="wrapper-for-input"
  >
    <label>
      Username
    </label>
    <input
      class="input"
      name="username"
      placeholder="Username"
      role="textbox"
      value=""
    />
  </div>,
  <div
    class="input-wrap"
    role="wrapper-for-input"
  >
    <label>
      First name
    </label>
    <input
      class="input"
      name="profile.firstName"
      placeholder="First name"
      role="textbox"
      value=""
    />
  </div>,
  <div
    class="input-wrap"
    role="wrapper-for-input"
  >
    <label>
      Last name
    </label>
    <input
      class="input"
      name="profile.lastName"
      placeholder="Last name"
      role="textbox"
      value=""
    />
  </div>,
]
`;

exports[`FormLevelValidation onFocus, onChange: "t" -> "" 1`] = `
Array [
  <div
    class="input-wrap"
    role="wrapper-for-input"
  >
    <label>
      Username
    </label>
    <input
      class="input"
      name="username"
      placeholder="Username"
      role="textbox"
      value=""
    />
  </div>,
  <div
    class="input-wrap"
    role="wrapper-for-input"
  >
    <label>
      First name
    </label>
    <input
      class="input"
      name="profile.firstName"
      placeholder="First name"
      role="textbox"
      value=""
    />
  </div>,
  <div
    class="input-wrap"
    role="wrapper-for-input"
  >
    <label>
      Last name
    </label>
    <input
      class="input"
      name="profile.lastName"
      placeholder="Last name"
      role="textbox"
      value=""
    />
  </div>,
]
`;

exports[`FormLevelValidation onFocus, onChange: "t" -> "", onBlur 1`] = `
Array [
  <div
    class="input-wrap"
    role="wrapper-for-input"
  >
    <label>
      Username
    </label>
    <input
      class="input"
      name="username"
      placeholder="Username"
      role="textbox"
      value=""
    />
  </div>,
  <div
    class="input-wrap"
    role="wrapper-for-input"
  >
    <label>
      First name
    </label>
    <input
      class="input"
      name="profile.firstName"
      placeholder="First name"
      role="textbox"
      value=""
    />
  </div>,
  <div
    class="input-wrap"
    role="wrapper-for-input"
  >
    <label>
      Last name
    </label>
    <input
      class="input"
      name="profile.lastName"
      placeholder="Last name"
      role="textbox"
      value=""
    />
  </div>,
]
`;

exports[`FormLevelValidation submit 1`] = `
Array [
  <div
    class="input-wrap"
    role="wrapper-for-input"
  >
    <label>
      Username
    </label>
    <input
      class="input"
      name="username"
      placeholder="Username"
      role="textbox"
      value=""
    />
  </div>,
  <div
    class="input-wrap"
    role="wrapper-for-input"
  >
    <label>
      First name
    </label>
    <input
      class="input"
      name="profile.firstName"
      placeholder="First name"
      role="textbox"
      value=""
    />
  </div>,
  <div
    class="input-wrap"
    role="wrapper-for-input"
  >
    <label>
      Last name
    </label>
    <input
      class="input"
      name="profile.lastName"
      placeholder="Last name"
      role="textbox"
      value=""
    />
  </div>,
]
`;
