// Jest Snapshot v1, https://goo.gl/fbAQLP

exports[`Single field submit snapshot 1`] = `
Array [
  <div
    class="input-wrap"
    role="wrapper-for-input"
  >
    <label>
      Username
    </label>
    <input
      class="input"
      placeholder="Username"
      role="textbox"
      value=""
    />
  </div>,
]
`;
